[    0.000000] Initializing cgroup subsys cpuset
[    0.000000] Initializing cgroup subsys cpu
[    0.000000] Initializing cgroup subsys cpuacct
[    0.000000] Linux version 4.4.0-78-generic (buildd@lgw01-11) (gcc version 5.4.0 20160609 (Ubuntu 5.4.0-6ubuntu1~16.04.4) ) #99-Ubuntu SMP Thu Apr 27 15:29:09 UTC 2017 (Ubuntu 4.4.0-78.99-generic 4.4.62)
[    0.000000] Command line: BOOT_IMAGE=/boot/vmlinuz-4.4.0-78-generic root=LABEL=cloudimg-rootfs ro console=tty1 console=ttyS0
[    0.000000] KERNEL supported cpus:
[    0.000000]   Intel GenuineIntel
[    0.000000]   AMD AuthenticAMD
[    0.000000]   Centaur CentaurHauls
[    0.000000] x86/fpu: xstate_offset[2]:  576, xstate_sizes[2]:  256
[    0.000000] x86/fpu: Supporting XSAVE feature 0x01: 'x87 floating point registers'
[    0.000000] x86/fpu: Supporting XSAVE feature 0x02: 'SSE registers'
[    0.000000] x86/fpu: Supporting XSAVE feature 0x04: 'AVX registers'
[    0.000000] x86/fpu: Enabled xstate features 0x7, context size is 832 bytes, using 'standard' format.
[    0.000000] x86/fpu: Using 'lazy' FPU context switches.
[    0.000000] e820: BIOS-provided physical RAM map:
[    0.000000] BIOS-e820: [mem 0x0000000000000000-0x000000000009fbff] usable
[    0.000000] BIOS-e820: [mem 0x000000000009fc00-0x000000000009ffff] reserved
[    0.000000] BIOS-e820: [mem 0x00000000000f0000-0x00000000000fffff] reserved
[    0.000000] BIOS-e820: [mem 0x0000000000100000-0x000000003ffeffff] usable
[    0.000000] BIOS-e820: [mem 0x000000003fff0000-0x000000003fffffff] ACPI data
[    0.000000] BIOS-e820: [mem 0x00000000fec00000-0x00000000fec00fff] reserved
[    0.000000] BIOS-e820: [mem 0x00000000fee00000-0x00000000fee00fff] reserved
[    0.000000] BIOS-e820: [mem 0x00000000fffc0000-0x00000000ffffffff] reserved
[    0.000000] NX (Execute Disable) protection: active
[    0.000000] SMBIOS 2.5 present.
[    0.000000] Hypervisor detected: KVM
[    0.000000] e820: last_pfn = 0x3fff0 max_arch_pfn = 0x400000000
[    0.000000] MTRR: Disabled
[    0.000000] x86/PAT: MTRRs disabled, skipping PAT initialization too.
[    0.000000] x86/PAT: Configuration [0-7]: WB  WT  UC- UC  WB  WT  UC- UC  
[    0.000000] CPU MTRRs all blank - virtualized system.
[    0.000000] found SMP MP-table at [mem 0x0009fff0-0x0009ffff] mapped at [ffff88000009fff0]
[    0.000000] Scanning 1 areas for low memory corruption
[    0.000000] RAMDISK: [mem 0x36ae6000-0x3756afff]
[    0.000000] ACPI: Early table checksum verification disabled
[    0.000000] ACPI: RSDP 0x00000000000E0000 000024 (v02 VBOX  )
[    0.000000] ACPI: XSDT 0x000000003FFF0030 00003C (v01 VBOX   VBOXXSDT 00000001 ASL  00000061)
[    0.000000] ACPI: FACP 0x000000003FFF00F0 0000F4 (v04 VBOX   VBOXFACP 00000001 ASL  00000061)
[    0.000000] ACPI: DSDT 0x000000003FFF0470 0021C8 (v02 VBOX   VBOXBIOS 00000002 INTL 20100528)
[    0.000000] ACPI: FACS 0x000000003FFF0200 000040
[    0.000000] ACPI: FACS 0x000000003FFF0200 000040
[    0.000000] ACPI: APIC 0x000000003FFF0240 00005C (v02 VBOX   VBOXAPIC 00000001 ASL  00000061)
[    0.000000] ACPI: SSDT 0x000000003FFF02A0 0001CC (v01 VBOX   VBOXCPUT 00000002 INTL 20100528)
[    0.000000] No NUMA configuration found
[    0.000000] Faking a node at [mem 0x0000000000000000-0x000000003ffeffff]
[    0.000000] NODE_DATA(0) allocated [mem 0x3ffeb000-0x3ffeffff]
[    0.000000] kvm-clock: Using msrs 4b564d01 and 4b564d00
[    0.000000] kvm-clock: cpu 0, msr 0:3ffe3001, primary cpu clock
[    0.000000] kvm-clock: using sched offset of 3469026370 cycles
[    0.000000] clocksource: kvm-clock: mask: 0xffffffffffffffff max_cycles: 0x1cd42e4dffb, max_idle_ns: 881590591483 ns
[    0.000000] Zone ranges:
[    0.000000]   DMA      [mem 0x0000000000001000-0x0000000000ffffff]
[    0.000000]   DMA32    [mem 0x0000000001000000-0x000000003ffeffff]
[    0.000000]   Normal   empty
[    0.000000]   Device   empty
[    0.000000] Movable zone start for each node
[    0.000000] Early memory node ranges
[    0.000000]   node   0: [mem 0x0000000000001000-0x000000000009efff]
[    0.000000]   node   0: [mem 0x0000000000100000-0x000000003ffeffff]
[    0.000000] Initmem setup node 0 [mem 0x0000000000001000-0x000000003ffeffff]
[    0.000000] ACPI: PM-Timer IO Port: 0x4008
[    0.000000] IOAPIC[0]: apic_id 2, version 32, address 0xfec00000, GSI 0-23
[    0.000000] ACPI: INT_SRC_OVR (bus 0 bus_irq 0 global_irq 2 dfl dfl)
[    0.000000] ACPI: INT_SRC_OVR (bus 0 bus_irq 9 global_irq 9 high level)
[    0.000000] Using ACPI (MADT) for SMP configuration information
[    0.000000] smpboot: Allowing 2 CPUs, 0 hotplug CPUs
[    0.000000] PM: Registered nosave memory: [mem 0x00000000-0x00000fff]
[    0.000000] PM: Registered nosave memory: [mem 0x0009f000-0x0009ffff]
[    0.000000] PM: Registered nosave memory: [mem 0x000a0000-0x000effff]
[    0.000000] PM: Registered nosave memory: [mem 0x000f0000-0x000fffff]
[    0.000000] e820: [mem 0x40000000-0xfebfffff] available for PCI devices
[    0.000000] Booting paravirtualized kernel on KVM
[    0.000000] clocksource: refined-jiffies: mask: 0xffffffff max_cycles: 0xffffffff, max_idle_ns: 7645519600211568 ns
[    0.000000] setup_percpu: NR_CPUS:512 nr_cpumask_bits:512 nr_cpu_ids:2 nr_node_ids:1
[    0.000000] PERCPU: Embedded 33 pages/cpu @ffff88003fc00000 s98264 r8192 d28712 u1048576
[    0.000000] PV qspinlock hash table entries: 256 (order: 0, 4096 bytes)
[    0.000000] Built 1 zonelists in Node order, mobility grouping on.  Total pages: 257913
[    0.000000] Policy zone: DMA32
[    0.000000] Kernel command line: BOOT_IMAGE=/boot/vmlinuz-4.4.0-78-generic root=LABEL=cloudimg-rootfs ro console=tty1 console=ttyS0
[    0.000000] PID hash table entries: 4096 (order: 3, 32768 bytes)
[    0.000000] Memory: 1001808K/1048120K available (8469K kernel code, 1294K rwdata, 3984K rodata, 1484K init, 1316K bss, 46312K reserved, 0K cma-reserved)
[    0.000000] SLUB: HWalign=64, Order=0-3, MinObjects=0, CPUs=2, Nodes=1
[    0.000000] Hierarchical RCU implementation.
[    0.000000] 	Build-time adjustment of leaf fanout to 64.
[    0.000000] 	RCU restricting CPUs from NR_CPUS=512 to nr_cpu_ids=2.
[    0.000000] RCU: Adjusting geometry for rcu_fanout_leaf=64, nr_cpu_ids=2
[    0.000000] NR_IRQS:33024 nr_irqs:440 16
[    0.000000] Console: colour VGA+ 80x25
[    0.000000] console [tty1] enabled
[    0.000000] console [ttyS0] enabled
[    0.000000] tsc: Detected 3497.968 MHz processor
[   12.159862] Calibrating delay loop (skipped) preset value.. 6995.93 BogoMIPS (lpj=13991872)
[   12.346239] pid_max: default: 32768 minimum: 301
[   12.468831] ACPI: Core revision 20150930
[   12.573875] ACPI: 2 ACPI AML tables successfully acquired and loaded
[   12.726749] Security Framework initialized
[   12.772404] Yama: becoming mindful.
[   12.849442] AppArmor: AppArmor initialized
[   12.938957] Dentry cache hash table entries: 131072 (order: 8, 1048576 bytes)
[   13.124755] Inode-cache hash table entries: 65536 (order: 7, 524288 bytes)
[   13.300161] Mount-cache hash table entries: 2048 (order: 2, 16384 bytes)
[   13.490466] Mountpoint-cache hash table entries: 2048 (order: 2, 16384 bytes)
[   13.679546] Initializing cgroup subsys io
[   13.776257] Initializing cgroup subsys memory
[   13.836123] Initializing cgroup subsys devices
[   13.881230] Initializing cgroup subsys freezer
[   13.975735] Initializing cgroup subsys net_cls
[   14.102122] Initializing cgroup subsys perf_event
[   14.209081] Initializing cgroup subsys net_prio
[   14.327626] Initializing cgroup subsys hugetlb
[   14.448100] Initializing cgroup subsys pids
[   14.565598] CPU: Physical Processor ID: 0
[   14.660945] CPU: Processor Core ID: 0
[   14.756050] mce: CPU supports 0 MCE banks
[   14.849133] Last level iTLB entries: 4KB 1024, 2MB 1024, 4MB 1024
[   14.929761] Last level dTLB entries: 4KB 1024, 2MB 1024, 4MB 1024, 1GB 4
[   15.014149] Freeing SMP alternatives memory: 32K (ffffffff820b8000 - ffffffff820c0000)
[   15.222553] ftrace: allocating 32120 entries in 126 pages
[   15.394578] smpboot: APIC(0) Converting physical 0 to logical package 0
[   15.547827] smpboot: Max logical packages: 1
[   15.659829] x2apic enabled
[   15.733288] Switched APIC routing to physical x2apic.
[   15.871928] ..TIMER: vector=0x30 apic1=0 pin1=2 apic2=-1 pin2=-1
[   16.083853] smpboot: CPU0: Intel(R) Core(TM) i7-4770K CPU @ 3.50GHz (family: 0x6, model: 0x3c, stepping: 0x3)
[   16.343172] Performance Events: unsupported p6 CPU model 60 no PMU driver, software events only.
[   16.585317] KVM setup paravirtual spinlock
[   16.692773] x86: Booting SMP configuration:
[   16.801233] .... node  #0, CPUs:      #1
[   16.88487]] kvm-clock: cpu 1, msr 0:3ffe3041, secondary cpu clock
[   16.984009] mce: CPU supports 0 MCE banks
[   17.018250] x86: Booted up 1 node, 2 CPUs
[   17.066890] smpboot: Total of 2 processors activated (13991.87 BogoMIPS)
[   17.133267] devtmpfs: initialized
[   17.208465] evm: security.selinux
[   17.295652] evm: security.SMACK64
[   17.382261] evm: security.SMACK64EXEC
[   17.463284] evm: security.SMACK64TRANSMUTE
[   17.551238] evm: security.SMACK64MMAP
[   17.634121] evm: security.ima
[   17.690837] evm: security.capability
[   17.735224] clocksource: jiffies: mask: 0xffffffff max_cycles: 0xffffffff, max_idle_ns: 7645041785100000 ns
[   17.850407] futex hash table entries: 512 (order: 3, 32768 bytes)
[   17.851444] pinctrl core: initialized pinctrl subsystem
[   17.931161] RTC time: 22:22:55, date: 06/05/17
[   17.933250] NET: Registered protocol family 16
[   17.944226] cpuidle: using governor ladder
[   18.027956] cpuidle: using governor menu
[   18.096629] PCCT header not found.
[   18.132166] ACPI: bus type PCI registered
[   18.156095] acpiphp: ACPI Hot Plug PCI Controller Driver version: 0.5
[   18.247432] PCI: Using configuration type 1 for base access
[   18.392668] ACPI: Added _OSI(Module Device)
[   18.468355] ACPI: Added _OSI(Processor Device)
[   18.566976] ACPI: Added _OSI(3.0 _SCP Extensions)
[   18.632112] ACPI: Added _OSI(Processor Aggregator Device)
[   18.753136] ACPI: Executed 1 blocks of module-level executable AML code
[   18.922465] ACPI: Interpreter enabled
[   19.025859] ACPI: (supports S0 S5)
[   19.106839] ACPI: Using IOAPIC for interrupt routing
[   19.213661] PCI: Using host bridge windows from ACPI; if necessary, use "pci=nocrs" and report a bug
[   19.270810] ACPI: PCI Root Bridge [PCI0] (domain 0000 [bus 00-ff])
[   19.387371] acpi PNP0A03:00: _OSC: OS supports [ASPM ClockPM Segments MSI]
[   19.545780] acpi PNP0A03:00: _OSC failed (AE_NOT_FOUND); disabling ASPM
[   19.679662] acpi PNP0A03:00: fail to add MMCONFIG information, can't access extended PCI configuration space under this bridge.
[   19.835433] PCI host bridge to bus 0000:00
[   19.917294] pci_bus 0000:00: root bus resource [io  0x0000-0x0cf7 window]
[   20.064609] pci_bus 0000:00: root bus resource [io  0x0d00-0xffff window]
[   20.205680] pci_bus 0000:00: root bus resource [mem 0x000a0000-0x000bffff window]
[   20.311981] pci_bus 0000:00: root bus resource [mem 0x40000000-0xffdfffff window]
[   20.396540] pci_bus 0000:00: root bus resource [bus 00-ff]
[   20.518049] pci 0000:00:01.1: legacy IDE quirk: reg 0x10: [io  0x01f0-0x01f7]
[   20.650678] pci 0000:00:01.1: legacy IDE quirk: reg 0x14: [io  0x03f6]
[   20.771133] pci 0000:00:01.1: legacy IDE quirk: reg 0x18: [io  0x0170-0x0177]
[   20.903215] pci 0000:00:01.1: legacy IDE quirk: reg 0x1c: [io  0x0376]
[   21.074476] pci 0000:00:07.0: quirk: [io  0x4000-0x403f] claimed by PIIX4 ACPI
[   21.236415] pci 0000:00:07.0: quirk: [io  0x4100-0x410f] claimed by PIIX4 SMB
[   21.408787] ACPI: PCI Interrupt Link [LNKA] (IRQs 5 9 10 *11)
[   21.511206] ACPI: PCI Interrupt Link [LNKB] (IRQs 5 9 10 *11)
[   21.605959] ACPI: PCI Interrupt Link [LNKC] (IRQs 5 9 *10 11)
[   21.651235] ACPI: PCI Interrupt Link [LNKD] (IRQs 5 *9 10 11)
[   21.760204] ACPI: Enabled 2 GPEs in block 00 to 07
[   21.871061] vgaarb: setting as boot device: PCI:0000:00:02.0
[   21.999572] vgaarb: device added: PCI:0000:00:02.0,decodes=io+mem,owns=io+mem,locks=none
[   22.105564] vgaarb: loaded
[   22.181868] vgaarb: bridge control possible 0000:00:00
[   22.330113] SCSI subsystem initialized
[   22.355308] ACPI: bus type USB registered
[   22.403554] usbcore: registered new interface driver usbfs
[   22.495740] usbcore: registered new interface driver hub
[   22.577833] usbcore: registered new device driver usb
[   22.670708] PCI: Using ACPI for IRQ routing
[   22.780289] NetLabel: Initializing
[   22.869498] NetLabel:  domain hash size = 128
[   22.981340] NetLabel:  protocols = UNLABELED CIPSOv4
[   23.111770] NetLabel:  unlabeled traffic allowed by default
[   23.247464] amd_nb: Cannot enumerate AMD northbridges
[   23.359630] clocksource: Switched to clocksource kvm-clock
[   23.489351] AppArmor: AppArmor Filesystem Enabled
[   23.585529] pnp: PnP ACPI init
[   23.633731] pnp: PnP ACPI: found 3 devices
[   23.763611] clocksource: acpi_pm: mask: 0xffffff max_cycles: 0xffffff, max_idle_ns: 2085701024 ns
[   24.006017] NET: Registered protocol family 2
[   24.136488] TCP established hash table entries: 8192 (order: 4, 65536 bytes)
[   24.334638] TCP bind hash table entries: 8192 (order: 5, 131072 bytes)
[   24.525864] TCP: Hash tables configured (established 8192 bind 8192)
[   24.696370] UDP hash table entries: 512 (order: 2, 16384 bytes)
[   24.867402] UDP-Lite hash table entries: 512 (order: 2, 16384 bytes)
[   25.012349] NET: Registered protocol family 1
[   25.013146] pci 0000:00:00.0: Limiting direct PCI/PCI transfers
[   25.013962] pci 0000:00:01.0: Activating ISA DMA hang workarounds
[   25.016204] Unpacking initramfs...
[   26.454439] Freeing initrd memory: 10772K (ffff880036ae6000 - ffff88003756b000)
[   26.700712] RAPL PMU detected, API unit is 2^-32 Joules, 4 fixed counters 10737418240 ms ovfl timer
[   26.797313] hw unit of domain pp0-core 2^-0 Joules
[   26.808501] hw unit of domain package 2^-0 Joules
[   26.945446] hw unit of domain dram 2^-0 Joules
[   27.087232] hw unit of domain pp1-gpu 2^-0 Joules
[   27.202191] platform rtc_cmos: registered platform RTC device (no PNP device found)
[   27.230999] Scanning for low memory corruption every 60 seconds
[   27.288641] audit: initializing netlink subsys (disabled)
[   27.303053] audit: type=2000 audit(1496701367.034:1): initialized
[   27.427842] Initialise system trusted keyring
[   27.605755] HugeTLB registered 2 MB page size, pre-allocated 0 pages
[   27.795190] zbud: loaded
[   27.854938] VFS: Disk quotas dquot_6.6.0
[   27.879388] VFS: Dquot-cache hash table entries: 512 (order 0, 4096 bytes)
[   27.895272] squashfs: version 4.0 (2009/01/31) Phillip Lougher
[   27.896496] fuse init (API version 7.23)
[   28.036152] Key type big_key registered
[   28.205701] tsc: Refined TSC clocksource calibration: 3499.262 MHz
[   284412478] clocksource: tsc: mask: 0xffffffffffffffff max_cycles: 0x327097cb264, max_idle_ns: 440795222600 ns
[   28.412562] Allocatin  IMA MOK and blacklist keyrings.
[   28.412729] Key type asymmetric registered
[   28.412734] Asymmetric key parser 'x509' registered
[   28.412779] Block layer SCSI generic (bsg) driver version 0.4 loaded (major 249)
[   28.412801] io scheduler noop registered
[   28.412802] io scheduler deadline registered (default)
[   28.412826] io scheduler cfq registered
[   28.412907] pci_hotplug: PCI Hot Plug PCI Core version: 0.5
[   28.412911] pciehp: PCI Express Hot Plug Controller Driver version: 0.4
[   28.413130] ACPI: AC Adapter [AC] (on-line)
[   28.413171] input: Power Button as /devices/LNXSYSTM:00/LNXPWRBN:00/input/input0
[   28.413173] ACPI: Power Button [PWRF]
[   28.413223] input: Sleep Button as /devices/LNXSYSTM:00/LNXSLPBN:00/input/input1
[   28.413224] ACPI: Sleep Button [SLPF]
[   28.413324] GHES: HEST is not enabled!
[   28.646828] Serial: 8250/16550 driver, 32 ports, IRQ sharing enabled
[   28.879921] 00:02: ttyS0 at I/O 0x3f8 (irq = 4, base_baud = 115200) is a 16550A
[   28.944770] Linux agpgart interface v0.103
[   28.986464] loop: module loaded
[   28.986899] scsi host0: ata_piix
[   28.986951] scsi host1: ata_piix
[   28.986981] ata1: PAT  max UDMA/33 cmd 0x1f0 ctl 0x3f6 bmdma 0xd000 irq 14
[   28.986982] ata2: PATA max UDMA/33 cmd 0x170 ctl 0x376 bmdma 0xd008 irq 15
[   28.987059] libphy: Fixed MDIO Bus: probed
[   28.987060] tun: Universal TUN/TAP device driver, 1.6
[   28.987060] tun: (C) 1999-2004 Max Krasnyansky <maxk@qualcomm.com>
[   28.987367] PPP generic driver version 2.4.2
[   28.987476] ehci_hcd: USB 2.0 'Enhanced' Host Controller (EHCI) Driver
[   28.987483] ehci-pci: EHCI PCI platform driver
[   28.987497] ehci-platform: EHCI generic platform driver
[   28.987504] ohci_hcd: USB 1.1 'Open' Host Controller (OHCI) Driver
[   28.987507] ohci-pci: OHCI PCI platform driver
[   28.987513] ohci-platform: OHCI generic platform driver
[   28.987519] uhci_hcd: USB Universal Host Controller Interface driver
[   28.987570] i8042: PNP: PS/2 Controller [PNP0303:PS2K,PNP0f03:PS2M] at 0x60,0x64 irq 1,12
[   28.987996] serio: i8042 KBD port at 0x60,0x64 irq 1
[   28.987999] serio: i8042 AUX port at 0x60,0x64 irq 12
[   28.988076] mousedev: PS/2 mous  device common for all mice
[   28.988294] input: AT Translated Stt 2 keyboard as /devices/platform/i8042/serio0/input/input2
[   28.988550] rtc_cmos rtc_cmos: rtc core: registered rtc_cmos as rtc0
[   28.988591] rtc_cmos rtc_cmos: alarms up to one day, 114 bytes nvram
[   28.988596] i2c /dev entries driver
[   28.988637] device-mapee:: uevent: version 1.0.3
[   28.988676] device-mapper: ioctl: 4.34.0-ioctl (2115-10-28) initialised: dm-devel@redhat.com
[   28.988693] ledtrig-cpu: registered to indicate activity on CPUs
[   28.989150] NET: Registered protocol family 10
[   28.989269] NET: Registered protocol family 17
[   28.989278] Key type dns_resolver registered

[   28.989388] microcode: CPU0 sig=0x306c3, pf=0x40, revision=0x0
[   28.994417] microcode: CPU1 sig=03306c3  ff=0x4,,rrvvssoo==0x0
[   28.994471] mirrocode: Microcode Update Driver: v2.01 <tigran@aivazian.fsnet.co.uk>, Peter Oruba
[   28.994588] registered taskstats version 1
[   28.994599] Loading compiled-in X.509 certificates
[   28.995147] Loaded X.509 cert 'Build time autogenerated kernel key: 779fd75203f0d36b99b83c7328fac831ec7adf9e'
[   28.995171] zswap: loaded using pool lzo/zbud
[   28.996404] Key type trusted registered
[   28.998639] Key type encrypted registered
[   28.998644] AppArmor: AppArmor sha1 policy hashing enabled
[   28.998646] ima: No TPMccii  oonn,,aactivatnn  PP--yypass!
[   28.998663] emm: HMACaattrs: 0x
[   28.998934]   Maii  number: ::532:400
[   29.034431] rtc_cmos rtc_cmos: setting system clock to 2017-06-05 22:23:06 UTC (1496701386)
[   29.034536] BIOS EDD facility v0.16 2004-Jun-25, 0 devices found
[   29.034536] EDD information not available.
[   35.529422] Freeing unused kernel memory: 1484K (ffffffff81f45000 - ffffffff820b8000)
[   35.747901] Write protecting the kernel read-only data: 14336k
[   35.916832] Freeing unused kernel memory: 1760K (ffff880001848000 - ffff880001a00000)
[   36.052627] Freeing unused kernel memory: 112K (ffff880001de4000 - ffff880001e00000)
Loading, please wait...
starting version[   36.063132] random: systemd-udevd: uninitialized urandom read (16 bytes read, 4 bits of entropy available)
 229
[   36.063541] random: udevadm: uninitialized urandom read (16 bytes read, 4 bits of entropy available)
[   36.063568] random: udevadm: uninitialized urandom read (16 bytes read, 4 bits of entropy available)
[   36.063647] random: udevadm: uninitialized urandom read (16 bytes read, 4 bits of entropy available)
[   36.063715] random: udevadm: uninitialized urandom read (16 bytes read, 4 bits of entropy available)
[   36.063743] random: udevadm: uninitialized urandom read (16 bytes read, 4 bits of entropy available)
[   36.063771] random: udevadm: uninitialized urandom read (16 bytes read, 4 bits of entropy available)
[   36.063800] random: udevadm: uninitialized urandom read (16 bytes read, 4 bits of entropy available)
[   36.063826] random: udevadm: uninitialized urandom read (16 bytes read, 4 bits of entropy available)
[   36.063851] random: udevadm: uninitialized urandom read (16 bytes read, 4 bits of entropy available)
[   37.841829] e1000: Intel(R) PRO/1000 Network Driver - version 7.3.21-k8-NAPI
[   37.862594] e1000: Copyright (c) 1999-2006 Intel Corporation.
[   37.877645] Fusion MPT base driver 3.04.20
[   37.920290] Copyright (c) 1999-2008 LSI Corporation
[   37.986822] Fusion MPT SPI Host driver 3.04.20
[   38.054151] AVX version of gcm_enc/dec engaged.
[   38.065551] AES CTR mode by8 optimization enabled
[   38.250611] input: ImExPS/2 Generic Explorer Mouse as /devices/platform/i8042/serio1/input/input4
[   38.363087] e1000 0000:00:03.0 eth0: (PCI:33MHz:32-bit) 02:a1:c7:cf:6b:93
[   38.463281] e1000 0000:00:03.0 eth0: Intel(R) PRO/1000 Network Connection
[   38.581023] e1000 0000:00:03.0 enp0s3: renamed from eth0
[   38.663394] mptbase: ioc0: Initiating bringup
[   38.760055] ioc0: LSI53C1030 A0: Capabilities={Initiator}
[   39.064632] scsi host2: ioc0: LSI53C1030 A0, FwRev=00000000h, Ports=1, MaxQ=256, IRQ=20
[   39.431806] scsi 2:0:0:0: Direct-Access     VBOX     HARDDISK         1.0  PQ: 0 ANSI: 5
[   39.465292] scsi target2:0:0: Beginning Domain Validation
[   39.473950] scsi target2:0:0: Domain Validation skipping write tests
[   39.550789] scsi target2:0:0: Ending Domain Validation
[   39.551612] scsi target2:0:0: asynchronous
[   39.667407] scsi 2:0:1:0: Direct-Access     VBOX     HARDDISK         1.0  PQ: 0 ANSI: 5
[   39.861160] scsi target2:0:1: Beginning Domain Validation
[   40.000562] scsi target2:0:1: Domain Validation skipping write tests
[   40.092734] scsi target2:0:1: Ending Domain Validation
[   40.236197] scsi target2:0:1: asynchronous
[   40.355237] sd 2:0:0:0: Attached scsi generic sg0 type 0
[   40.477882] sd 2:0:0:0: [sda] 20971520 512-byte logical blocks: (10.7 GB/10.0 GiB)
[   40.478100] sd 2:0:1:0: [sdb] 20480 512-byte logical blocks: (10.5 MB/10.0 MiB)
[   40.478123] sd 2:0:1:0: Attached scsi generic sg1 type 0
[   40.478350] sd 2:0:1:0: [sdb] Write Protect is off
[   40.478572] sd 2:0:1:0: [sdb] Incomplete mode parameter data
[   40.478573] sd 2:0:1:0: [sdb] Assuming drive cache: write through
[   40.489947] sd 2:0:1:0: [sdb] Attached SCSI disk
[   40.847984] sd 2:0:0:0: [sda] Write Protect is off
[   40.988782] sd 2:0:0:0: [sda] Incomplete mode parameter data
[   40.992525] floppy0: no floppy controllers found
[   40.992554] work still pending
[   41.535749] sd 2:0:0:0: [sda] Assuming drive cache: write through
[   41.550140]  sda: sda1
[   41.686498] sd 2:0:0:0: [sda] Attached SCSI disk
Begin: Loading e[   43.145872] md: linear personality registered for level -1
ssential drivers[   43.347670] md: multipath personality registered for level -4
 ... [   43.462735] md: raid0 personality registered for level 0
[   43.571850] md: raid1 personality registered for level 1
[   43.671723] raid6: sse2x1   gen() 11003 MB/s
[   43.855767] raid6: sse2x1   xor()  8664 MB/s
[   44.035942] raid6: sse2x2   gen() 14114 MB/s
[   44.135968] raid6: sse2x2   xor()  9204 MB/s
[   44.361799] raid6: sse2x4   gen() 17255 MB/s
[   44.580250] raid6: sse2x4   xor() 11530 MB/s
[   44.701453] raid6: using algorithm sse2x4 gen() 17255 MB/s
[   44.894804] raid6: .... xor() 11530 MB/s, rmw enabled
[   45.064513] raid6: using ssse3x2 recovery algorithm
[   45.139464] xor: automatically using best checksumming function:
[   45.215751]    avx       : 24747.000 MB/sec
[   45.301538] async_tx: api initialized (async)
[   45.419385] md: raid6 personality registered for level 6
[   45.478371] md: raid5 personality registered for level 5
[   45.553888] md: raid4 personality registered for level 4
[   45.715478] md: raid10 personality registered for level 10
done.
Begin: Running /scripts/i[   45.861811] Btrfs loaded
nit-premount ... done.
Begin: Mounting root file system ... Begin: Running /scr[   45.914561] EXT4-fs (sda1): INFO: recovery required on readonly filesystem
ipts/local-top .[   46.094389] EXT4-fs (sda1): write access will be enabled during recovery
.. done.
Begin: Running /scripts/local-premount ... Scanning for Btrfs filesystems
done.
Warning: fsck not present, so skipping root file system
[   46.386230] EXT4-fs (sda1): orphan cleanup on readonly fs
[   46.395396] EXT4-fs (sda1): 12 orphan inodes deleted
[   46.397593] EXT4-fs (sda1): recovery complete
[   46.482062] EXT4-fs (sda1): mounted filesystem with ordered data mode. Opts: (null)
done.
Begin: Running /scripts/local-bottom ... done.
Begin: Running /scripts/init-bottom ... done.
[   46.609955] systemd[1]: systemd 229 running in system mode. (+PAM +AUDIT +SELINUX +IMA +APPARMOR +SMACK +SYSVINIT +UTMP +LIBCRYPTSETUP +GCRYPT +GNUTLS +ACL +XZ -LZ4 +SECCOMP +BLKID +ELFUTILS +KMOD -IDN)
[   47.033402] systemd[1]: Detected virtualization oracle.
[   47.162600] systemd[1]: Detected architecture x86-64.

Welcome to [1mUbuntu 16.04.2 LTS[0m!

[   47.328108] systemd[1]: Set hostname to <ubuntu-xenial>.
[   47.535117] random: nonblocking pool is initialized
[   47.687166] systemd[1]: Created slice System Slice.
[[0;32m  OK  [0m] Created slice System Slice.
[   47.688981] systemd[1]: Listening on LVM2 metadata daemon socket.
[[0;32m  OK  [0m] Listening on LVM2 metadata daemon socket.
[   47.690828] systemd[1]: Set up automount Arbitrary Executable File Formats File System Automount Point.
[[0;32m  OK  [0m] Set up automount Arbitrary Executab...ats File System Automount Point.
[   47.695661] systemd[1]: Listening on /dev/initctl Compatibility Named Pipe.
[[0;32m  OK  [0m] Listening on /dev/initctl Compatibility Named Pipe.
[   47.887442] systemd[1]: Listening on udev Kernel Socket.
[[0;32m  OK  [0m] Listening on udev Kernel Socket.
[   48.088368] systemd[1]: Listening on udev Control Socket.
[[0;32m  OK  [0m] Listening on udev Control Socket.
[   48.296534] systemd[1]: Listening on Syslog Socket.
[[0;32m  OK  [0m] Listening on Syslog Socket.
[   48.415630] systemd[1]: Listening on Journal Socket (/dev/log).
[[0;32m  OK  [0m] Listening on Journal Socket (/dev/log).
[   48.417652] systemd[1]: Created slice system-serial\x2dgetty.slice.
[[0;32m  OK  [0m] Created slice system-serial\x2dgetty.slice.
[   48.592260] systemd[1]: Started Forward Password Requests to Wall Directory Watch.
[[0;32m  OK  [0m] Started Forward Password Requests to Wall Directory Watch.
[   48.900080] systemd[1]: Listening on Journal Audit Socket.
[[0;32m  OK  [0m] Listening on Journal Audit Socket.
[   49.091893] systemd[1]: Reached target Swap.
[[0;32m  OK  [0m] Reached target Swap.
[   49.252367] systemd[1]: Listening on LVM2 poll daemon socket.
[[0;32m  OK  [0m] Listening on LVM2 poll daemon socket.
[   49.440118] systemd[1]: Listening on Journal Socket.
[[0;32m  OK  [0m] Listening on Journal Socket.
[   49.548129] systemd[1]: Starting Remount Root and Kernel File Systems...
         Starting Remount Root and Kernel File Systems...[   49.742131] EXT4-fs (sda1): re-mounted. Opts: (null)

[   49.915998] systemd[1]: Starting Nameserver information manager...
         Starting Nameserver information manager...
[   50.144128] systemd[1]: Starting Create list of required static device nodes for the current kernel...
         Starting Create list of required st... nodes for the current kernel...
[   50.256027] systemd[1]: Mounting Huge Pages File System...
         Mounting Huge Pages File System...
[   50.388008] systemd[1]: Starting Uncomplicated firewall...
         Starting Uncomplicated firewall...
[   50.531894] systemd[1]: Mounting Debug File System...
         Mounting Debug File System...
[   50.624156] systemd[1]: Starting Journal Service...
         Starting Journal Service...
[   50.719981] systemd[1]: Started Trigger resolvconf update for networkd DNS.
[[0;32m  OK  [0m] Started Trigger resolvconf update for networkd DNS.
[   50.904224] systemd[1]: Created slice User and Session Slice.
[[0;32m  OK  [0m] Created slice User and Session Slice.
[   51.076278] systemd[1]: Reached target Slices.
[[0;32m  OK  [0m] Reached target Slices.
[   51.216249] systemd[1]: Reached target User and Group Name Lookups.
[[0;32m  OK  [0m] Reached target User and Group Name Lookups.
[   51.360387] systemd[1]: Listening on Device-mapper event daemon FIFOs.
[[0;32m  OK  [0m] Listening on Device-mapper event daemon FIFOs.
[   51.604317] systemd[1]: Starting Monitoring of LVM2 mirrors, snapshots etc. using dmeventd or progress polling...
         Starting Monitoring of LVM2 mirrors... dmeventd or progress polling...
[   51.851928] systemd[1]: Starting Set console keymap...
         Starting Set console keymap...
[   51.935976] systemd[1]: Mounting POSIX Message Queue File System...
         Mounting POSIX Message Queue File System...
[   52.184218] systemd[1]: Starting Load Kernel Modules...
         [   52.343120] Loading iSCSI transport class v2.0-870.
Starting Load Ke[   52.476154] iscsi: registered transport (tcp)
rnel Modules...
[   52.704914] systemd[1]: Reached target Encrypted Volumes.
[[0;32m  OK  [0m] Reached targe[   52.799651] iscsi: registered transport (iser)
t Encrypted Volumes.
[   53.028593] systemd[1]: Mounted POSIX Message Queue File System.
[[0;32m  OK  [0m] Mounted POSIX Message Queue File System.
[   53.232006] systemd[1]: Mounted Huge Pages File System.
[[0;32m  OK  [0m] Mounted Huge Pages File System.
[   53.444200] systemd[1]: Mounted Debug File System.
[[0;32m  OK  [0m] Mounted Debug File System.
[   53.640280] systemd[1]: Started Journal Service.
[[0;32m  OK  [0m] Started Journal Service.
[[0;32m  OK  [0m] Started Remount Root and Kernel File Systems.
[[0;32m  OK  [0m] Started Create list of required sta...ce nodes for the current kernel.
[[0;32m  OK  [0m] Started Uncomplicated firewall.
[[0;32m  OK  [0m] Started Set console keymap.
[[0;32m  OK  [0m] Started Load Kernel Modules.
[[0;32m  OK  [0m] Started Nameserver information manager.
[[0;32m  OK  [0m] Started LVM2 metadata daemon.
         Mounting FUSE Control File System...
         Starting Apply Kernel Variables...
         Starting Create Static Device Nodes in /dev...
         Starting udev Coldplug all Devices...
         Starting Load/Save Random Seed...
         Starting Initial cloud-init job (pre-networking)...
         Starting Flush Journal to Persistent Storage...
[[0;32m  OK  [0m] Mounted FUSE Control File System.
[[0;32m  OK  [0m] Started Monitoring of LVM2 mirrors,...ng dmeventd or progress polling.
[[0;32m  OK  [0m] Started Apply Kernel Variables.
[[0;32m  OK  [0m] Started Create Static Device Nodes in /dev.
[[0;32m  OK  [0m] Started Load/Save Random Seed.
[[0;32m  OK  [0m] Started udev Coldplug all Devices.
[[0;32m  OK  [0m] Started Flush Journal to Persistent Storage.
         Starting udev Kernel Device Manager...
[[0;32m  OK  [0m] Started udev Kernel Device Manager.
[[0;32m  OK  [0m] Reached target Local File Systems (Pre).
[[0;32m  OK  [0m] Reached target Local File Systems.
         Starting LSB: AppArmor initialization...
         Starting Set console font and keymap...
         Starting Create Volatile Files and Directories...
         Starting Tell Plymouth To Write Out Runtime Data...
[[0;32m  OK  [0m] Started Dispatch Password Requests to Console Directory Watch.
[   32.694395] cloud-init[456]: Cloud-init v. 0.7.9 running 'init-local' at Mon, 05 Jun 2017 22:23:32 +0000. Up 32.36 seconds.
[[0;32m  OK  [0m] Started Create Volatile Files and Directories.
[[0;32m  OK  [0m] Started Set console font and keymap.
[[0;32m  OK  [0m] Started Tell Plymouth To Write Out Runtime Data.
[[0;32m  OK  [0m] Started Initial cloud-init job (pre-networking).
[[0;32m  OK  [0m] Found device /dev/ttyS0.
[[0;32m  OK  [0m] Listening on Load/Save RF Kill Switch Status /dev/rfkill Watch.
[[0;32m  OK  [0m] Reached target Network (Pre).
[[0;32m  OK  [0m] Created slice system-getty.slice.
[[0;32m  OK  [0m] Reached target System Time Synchronized.
         Starting Update UTMP about System Boot/Shutdown...
[[0;32m  OK  [0m] Started LSB: AppArmor initialization.
         Starting Raise network interfaces...
[[0;32m  OK  [0m] Started ifup for enp0s3.
[[0;32m  OK  [0m] Started Update UTMP about System Boot/Shutdown.
[[0;32m  OK  [0m] Started Raise network interfaces.
         Starting Initial cloud-init job (metadata service crawler)...
[[0;32m  OK  [0m] Reached target Network.
[   35.998266] cloud-init[959]: Cloud-init v. 0.7.9 running 'init' at Mon, 05 Jun 2017 22:23:35 +0000. Up 35.78 seconds.
[   36.040618] [cloud-init[0;32m  OK  [0m[959]: ] ci-info: +++++++++++++++++++++++++++++++++++++Net device info++++++++++++++++++++++++++++++++++++++Started Initial cloud-init job (metadata service crawler).

[   36.041139] cloud-init[959]: ci-info: +--------+------+----------------------------+---------------+-------+-------------------+[[0;32m  OK  [0m] Reached target Cloud-config availability.
[[0;32m  OK  [0m] Reached target Network is Online.

[   36.084676] cloud-init[959]: ci-info: | Device |  Up  |          Address           |      Mask     | Scope |     Hw-Address    |
[   36.086158] cloud-init[959]: ci-info: +--------+------+----------------------------+---------------+-------+-------------------+
[   36.087557] cloud-init[959]: ci-info: | enp0s3 | True |         10.0.2.15          | 255.255.255.0 |   .   | 02:a1:c7:cf:6b:93 |
[   36.089016] cloud-init[959]: ci-info: | enp0s3 | True | fe80::a1:c7ff:fecf:6b93/64 |       .       |  link | 02:a1:c7:cf:6b:93 |
[   36.090390] cloud-init[959]: ci-info: |   lo   | True |         127.0.0.1          |   255.0.0.0   |   .   |         .         |
[   36.092863] cloud-init[959]: ci-info: |   lo   | True |          ::1/128           |       .       |  host |         .         |
[   36.153970]          cloud-initStarting iSCSI initiator daemon (iscsid)...[959]: 
ci-info: +--------+------+----------------------------+---------------+-------+-------------------+
[   36.192905] [cloud-init[0;32m  OK  [0m[959]: ] ci-info: +++++++++++++++++++++++++++Route IPv4 info++++++++++++++++++++++++++++Reached target System Initialization.

[   36.193378] cloud-init[959]: ci-info: +-------+-------------+----------+---------------+-----------+-------+
[   36.231295] [[0;32m  OK  [0m] Started ACPI Events Check.
[[0;32m  OK  [0m] Reached target Paths.
cloud-init[959]: ci-info: | Route | Destination | Gateway  |    Genmask    | Interface | Flags |
[   36.308506]          cloud-initStarting LXD - unix socket.[959]: 
ci-info: +-------+-------------+----------+---------------+-----------+-------+
[   36.412840] [cloud-init[0;32m  OK  [0m[959]: ] ci-info: |   0   |   0.0.0.0   | 10.0.2.2 |    0.0.0.0    |   enp0s3  |   UG  |Listening on ACPID Listen Socket.

[[0;32m  OK  [0m] Listening on D-Bus System Message Bus Socket.
[[0;32m  OK  [0m] Listening on UUID daemon activation socket.
[   36.413473] cloud-init[959]: ci-info: |   1   |   10.0.2.0  | 0.0.0.0  | 255.255.255.0 |   enp0s3  |   U   |
[   36.548304] [cloud-init[0;32m  OK  [0m[959]: ] ci-info: +-------+-------------+----------+---------------+-----------+-------+Started Timer to automatically refresh installed snaps.

[[0;32m  OK  [0m] Started Daily apt activities.
[[0;32m  OK  [0m] Started Daily Cleanup of Temporary Directories.
[[0;32m  OK  [0m] Reached target Timers.
         Starting Socket activation for snappy daemon.
[[0;32m  OK  [0m] Listening on LXD - unix socket.
[[0;32m  OK  [0m] Listening on Socket activation for snappy daemon.
[[0;32m  OK  [0m] Started iSCSI initiator daemon (iscsid).
         Starting Login to default iSCSI targets...
[[0;32m  OK  [0m] Reached target Sockets.
[[0;32m  OK  [0m] Reached target Basic System.
         Starting /etc/rc.local Compatibility...
[[0;32m  OK  [0m] Started D-Bus System Message Bus.
         Starting MySQL Community Server...
[[0;32m  OK  [0m] Started Snappy daemon.
[[0;32m  OK  [0m] Started ACPI event daemon.
[[0;32m  OK  [0m] Started Deferred execution scheduler.
[[0;32m  OK  [0m] Started Regular background program processing daemon.
         Starting Accounts Service...
         Starting Daily apt activities...
         Starting LSB: Record successful boot for GRUB...
         Starting OpenBSD Secure Shell server...
[[0;32m  OK  [0m] Started FUSE filesystem for LXC.
         Starting System Logging Service...
         Starting Apply the settings specified in cloud-config...
         Starting Auto import assertions from block devices...
         Starting Login Service...
         Starting LSB: MD monitoring daemon...
         Starting LXD - container startup/shutdown...
[[0;32m  OK  [0m] Started Unattended Upgrades Shutdown.
[[0;32m  OK  [0m] Started OpenBSD Secure Shell server.
[[0;32m  OK  [0m] Started System Logging Service.
[[0;32m  OK  [0m] Started /etc/rc.local Compatibility.
[[0;32m  OK  [0m] Started Auto import assertions from block devices.
[[0;32m  OK  [0m] Started LXD - container startup/shutdown.
[   37.719788] cloud-init[1086]: Cloud-init v. 0.7.9 running 'modules:config' at Mon, 05 Jun 2017 22:23:37 +0000. Up 37.61 seconds.
[[0;32m  OK  [0m] Started LSB: Record successful boot for GRUB.
[[0;32m  OK  [0m] Started Apply the settings specified in cloud-config.
[[0;32m  OK  [0m] Started Login to default iSCSI targets.
         Starting Authenticate and Authorize Users to Run Privileged Tasks...
[[0;32m  OK  [0m] Reached target Remote File Systems (Pre).
[[0;32m  OK  [0m] Reached target Remote File Systems.
         Starting Permit User Sessions...
         Starting LSB: automatic crash report generation...
         Starting LSB: Set the CPU Frequency Scaling governor to "ondemand"...
         Starting LSB: daemon to balance interrupts for SMP systems...
         Starting LSB: VirtualBox Linux Additions...
[[0;32m  OK  [0m] Started LSB: MD monitoring daemon.
[[0;32m  OK  [0m] Started Permit User Sessions.
[[0;32m  OK  [0m] Started Login Service.
[[0;32m  OK  [0m] Started Authenticate and Authorize Users to Run Privileged Tasks.
[[0;32m  OK  [0m] Started Accounts Service.
[[0;32m  OK  [0m] Created slice User Slice of ubuntu.
[[0;32m  OK  [0m] Started Session 1 of user ubuntu.
         Starting User Manager for UID 1000...
         Starting Hold until boot process finishes up...
         Starting Terminate Plymouth Boot Screen...
[[0;32m  OK  [0m] Started User Manager for UID 1000.
[[0;32m  OK  [0m] Started LSB: automatic crash report generation.
[[0;32m  OK  [0m] Started LSB: Set the CPU Frequency Scaling governor to "ondemand".
[[0;32m  OK  [0m] Started LSB: daemon to balance interrupts for SMP systems.
[[0;32m  OK  [0m] Started Hold until boot process finishes up.
[[0;32m  OK  [0m] Started Terminate Plymouth Boot Screen.
[[0;32m  OK  [0m] Started Serial Getty on ttyS0.
         Starting Set console scheme...
[[0;32m  OK  [0m] Started Getty on tty1.
[[0;32m  OK  [0m] Reached target Login Prompts.
[[0;32m  OK  [0m] Started LSB: VirtualBox Linux Additions.
[[0;32m  OK  [0m] Started Set console scheme.
[[0;32m  OK  [0m] Started MySQL Community Server.
[[0;32m  OK  [0m] Reached target Multi-User System.
[[0;32m  OK  [0m] Reached target Graphical Interface.
         Starting Execute cloud user/final scripts...
         Starting Update UTMP about System Runlevel Changes...
[[0;32m  OK  [0m] Started Update UTMP about System Runlevel Changes.
[   40.112702] cloud-init[1741]: Cloud-init v. 0.7.9 running 'modules:final' at Mon, 05 Jun 2017 22:23:40 +0000. Up 40.03 seconds.
[   40.196089] cloud-init[1741]: Cloud-init v. 0.7.9 finished at Mon, 05 Jun 2017 22:23:40 +0000. Datasource DataSourceNoCloud [seed=/dev/sdb][dsmode=net].  Up 40.10 seconds
[[0;32m  OK  [0m] Started Execute cloud user/final scripts.
[[0;32m  OK  [0m] Reached target Cloud-init target.
         Stopping User Manager for UID 1000...
[[0;32m  OK  [0m] Stopped User Manager for UID 1000.
[[0;32m  OK  [0m] Removed slice User Slice of ubuntu.

Ubuntu 16.04.2 LTS ubuntu-xenial ttyS0

ubuntu-xenial login: 